#-----------------------------------------------------------
# Vivado v2024.1.2 (64-bit)
# SW Build 5164865 on Thu Sep  5 14:37:11 MDT 2024
# IP Build 5164407 on Fri Sep  6 08:18:11 MDT 2024
# SharedData Build 5164864 on Thu Sep 05 13:09:09 MDT 2024
# Start of session at: Mon Oct 28 16:10:38 2024
# Process ID: 11392
# Current directory: C:/Projects/ERN24004/IP/ip_repo/gp_io
# Command line: vivado.exe -gui_launcher_event rodinguilauncherevent36060 C:\Projects\ERN24004\IP\ip_repo\gp_io\edit_GPIO_Control_v1_0.xpr
# Log file: C:/Projects/ERN24004/IP/ip_repo/gp_io/vivado.log
# Journal file: C:/Projects/ERN24004/IP/ip_repo/gp_io\vivado.jou
# Running On        :DonGun
# Platform          :Windows Server 2016 or Windows 10
# Operating System  :22631
# Processor Detail  :13th Gen Intel(R) Core(TM) i7-13700K
# CPU Frequency     :3418 MHz
# CPU Physical cores:16
# CPU Logical cores :24
# Host memory       :34124 MB
# Swap memory       :2147 MB
# Total Virtual     :36272 MB
# Available Virtual :11973 MB
#-----------------------------------------------------------
start_gui
open_project C:/Projects/ERN24004/IP/ip_repo/gp_io/edit_GPIO_Control_v1_0.xpr
update_compile_order -fileset sources_1
ipx::open_ipxact_file {C:\Projects\ERN24004\IP\ip_repo\gp_io\GPIO_Control_1_0\component.xml}
ipx::unload_core c:/Projects/ERN24004/IP/ip_repo/gp_io/GPIO_Control_1_0/component.xml
